
Nicolas@DESKTOP-8C3FNF6 MINGW64 ~/Desktop/Bootcamp Full Stack Python/M6/Repositorio Django/desafio1-venvDJANGO
$ virtualenv ferreteria --python=python3
created virtual environment CPython3.12.2.final.0-64 in 1185ms
  creator CPython3Windows(dest=C:\Users\Nicolas\Desktop\Bootcamp Full Stack Python\M6\Repositorio Django\desafio1-venvDJANGO\ferreteria, clear=False, no_vcs_ignore=False, global=False)
  seeder FromAppData(download=False, pip=bundle, via=copy, app_data_dir=C:\Users\Nicolas\AppData\Local\pypa\virtualenv)
    added seed packages: pip==24.0
  activators BashActivator,BatchActivator,FishActivator,NushellActivator,PowerShellActivator,PythonActivator

Nicolas@DESKTOP-8C3FNF6 MINGW64 ~/Desktop/Bootcamp Full Stack Python/M6/Repositorio Django/desafio1-venvDJANGO
$ source ./ferreteria/Scripts/activate
(ferreteria) 
Nicolas@DESKTOP-8C3FNF6 MINGW64 ~/Desktop/Bootcamp Full Stack Python/M6/Repositorio Django/desafio1-venvDJANGO
$ pip install django==3.2.4
Collecting django==3.2.4
  Downloading Django-3.2.4-py3-none-any.whl.metadata (3.9 kB)
Collecting asgiref<4,>=3.3.2 (from django==3.2.4)
  Using cached asgiref-3.8.1-py3-none-any.whl.metadata (9.3 kB)
Collecting pytz (from django==3.2.4)
  Downloading pytz-2024.1-py2.py3-none-any.whl.metadata (22 kB)
Collecting sqlparse>=0.2.2 (from django==3.2.4)
  Using cached sqlparse-0.5.0-py3-none-any.whl.metadata (3.9 kB)
Downloading Django-3.2.4-py3-none-any.whl (7.9 MB)
   ━━━━━━━━━━━━━━━━━━━━━━━━━━━━━━━━━━━━━━━━ 7.9/7.9 MB 17.4 MB/s eta 0:00:00
Using cached asgiref-3.8.1-py3-none-any.whl (23 kB)
Using cached sqlparse-0.5.0-py3-none-any.whl (43 kB)
Downloading pytz-2024.1-py2.py3-none-any.whl (505 kB)
   ━━━━━━━━━━━━━━━━━━━━━━━━━━━━━━━━━━━━━━━━ 505.5/505.5 kB 31.0 MB/s eta 0:00:00
Installing collected packages: pytz, sqlparse, asgiref, django
Successfully installed asgiref-3.8.1 django-3.2.4 pytz-2024.1 sqlparse-0.5.0
(ferreteria) 
Nicolas@DESKTOP-8C3FNF6 MINGW64 ~/Desktop/Bootcamp Full Stack Python/M6/Repositorio Django/desafio1-venvDJANGO
$ ^C
(ferreteria) 
Nicolas@DESKTOP-8C3FNF6 MINGW64 ~/Desktop/Bootcamp Full Stack Python/M6/Repositorio Django/desafio1-venvDJANGO
$ pip freeze > requirements-ferreteria.txt
(ferreteria) 
Nicolas@DESKTOP-8C3FNF6 MINGW64 ~/Desktop/Bootcamp Full Stack Python/M6/Repositorio Django/desafio1-venvDJANGO
$ pip install requirements.txt
ERROR: Could not find a version that satisfies the requirement requirements.txt (from versions: none)
HINT: You are attempting to install a package literally named "requirements.txt" (which cannot exist). Consider using the '-r' flag to install the packages listed in requirements.txt
ERROR: No matching distribution found for requirements.txt
(ferreteria) 
Nicolas@DESKTOP-8C3FNF6 MINGW64 ~/Desktop/Bootcamp Full Stack Python/M6/Repositorio Django/desafio1-venvDJANGO
$ python install pip freeze > requirements.txt
C:\Users\Nicolas\AppData\Local\Programs\Python\Python312\python.exe: can't open file 'C:\\Users\\Nicolas\\Desktop\\Bootcamp Full Stack Python\\M6\\Repositorio Django\\desafio1-venvDJANGO\\install': [Errno 2] No such file or directory
(ferreteria) 
Nicolas@DESKTOP-8C3FNF6 MINGW64 ~/Desktop/Bootcamp Full Stack Python/M6/Repositorio Django/desafio1-venvDJANGO
$ python -m pip freeze > requirements.txt
(ferreteria) 
Nicolas@DESKTOP-8C3FNF6 MINGW64 ~/Desktop/Bootcamp Full Stack Python/M6/Repositorio Django/desafio1-venvDJANGO
$ pip install -r requirements.txt
Requirement already satisfied: asgiref==3.8.1 in c:\users\nicolas\desktop\bootcamp full stack python\m6\repositorio django\desafio1-venvdjango\ferreteria\lib\site-packages (from -r requirements.txt (line 1)) (3.8.1)
Requirement already satisfied: Django==3.2.4 in c:\users\nicolas\desktop\bootcamp full stack python\m6\repositorio django\desafio1-venvdjango\ferreteria\lib\site-packages (from -r requirements.txt (line 2)) (3.2.4)
Requirement already satisfied: pytz==2024.1 in c:\users\nicolas\desktop\bootcamp full stack python\m6\repositorio django\desafio1-venvdjango\ferreteria\lib\site-packages (from -r requirements.txt (line 3)) (2024.1)
Requirement already satisfied: sqlparse==0.5.0 in c:\users\nicolas\desktop\bootcamp full stack python\m6\repositorio django\desafio1-venvdjango\ferreteria\lib\site-packages (from -r requirements.txt (line 4)) (0.5.0)
(ferreteria) 
Nicolas@DESKTOP-8C3FNF6 MINGW64 ~/Desktop/Bootcamp Full Stack Python/M6/Repositorio Django/desafio1-venvDJANGO
$